Microchip MPLAB XC8 Compiler V2.41

Linker command line:

--edf=C:\Program Files\Microchip\xc8\v2.41\pic\dat\20230208172133_en.msgs \
  -cn -h+dist/PICDEM_FSUSB/production\picdem_fs_usb.x.production.sym \
  --cmf=dist/PICDEM_FSUSB/production\picdem_fs_usb.x.production.cmf -z \
  -Q18F4550 -oC:\Users\jjsov\AppData\Local\Temp\xcAsocc.\driver_tmp_3.o \
  --defsym=__MPLAB_BUILD=1 --fixupoverflow=error \
  -Mdist/PICDEM_FSUSB/production/picdem_fs_usb.x.production.map \
  --md=C:\Users\jjsov\AppData\Local\Temp\xcAsocc.\driver_tmp_0.dat -E1 \
  -ver=XC8 Compiler --acfsm=1493 -ACODE=00h-07FFFh -ACONST=00h-07FFFh \
  -ASMALLCONST=0800h-08FFhx120 -AMEDIUMCONST=0800h-07FFFh -ACOMRAM=01h-05Fh \
  -AABS1=00h-07FFh -ABIGRAM=01h-07FFh -ARAM=060h-0FFh,0100h-01FFhx7 \
  -ABANK0=060h-0FFh -ABANK1=0100h-01FFh -ABANK2=0200h-02FFh \
  -ABANK3=0300h-03FFh -ABANK4=0400h-04FFh -ABANK5=0500h-05FFh \
  -ABANK6=0600h-06FFh -ABANK7=0700h-07FFh -ASFR=0F60h-0FFFh \
  -ABIGSFR=0F60h-0FFFh -ACONFIG=0300000h-030000Dh -AIDLOC=0200000h-0200007h \
  -AEEDATA=0F00000h-0F000FFh -peeprom_data=EEDATA \
  -preset_vec=00h,intcode=08h,intcodelo,powerup,init -pramtop=0800h \
  -psmallconst=SMALLCONST -pmediumconst=MEDIUMCONST -pconst=CONST \
  -AFARRAM=00h-00h \
  -prdata=COMRAM,nvrram=COMRAM,nvbit=COMRAM,rbss=COMRAM,rbit=COMRAM \
  -pfarbss=FARRAM,fardata=FARRAM,nvFARRAM=FARRAM \
  -pintsave_regs=BIGRAM,bigbss=BIGRAM,bigdata=BIGRAM -pbss=RAM \
  -pidata=CODE,irdata=CODE,ibigdata=CODE,ifardata=CODE -prparam=COMRAM \
  C:\Users\jjsov\AppData\Local\Temp\xcAsocc.\driver_tmp_9.o \
  dist/PICDEM_FSUSB/production\picdem_fs_usb.x.production.o 

Object code version is 3.11

Machine type is 18F4550



                Name                               Link     Load   Length Selector   Space Scale
C:\Users\jjsov\AppData\Local\Temp\xcAsocc.\driver_tmp_9.o
                idloc                            200000   200000        8        0       5
                config                           300000   300000        E        0       4
                init                                  E        E        4        4       0
                reset_vec                             0        0        4        0       0
dist/PICDEM_FSUSB/production\picdem_fs_usb.x.production.o
                intcode                               8        8        6        4       0
                idloc                            200000   200000        8        0       5
                config                           300000   300000        E        0       4
                temp                                 51       51        1        1       1
                smallconst                          800      800       C8      400       0
                text50                             1F82     1F82      110      464       0
                text49                             2092     2092      10A      464       0
                text48                             2290     2290       F0      464       0
                text47                             16F8     16F8      144      464       0
                text46                             27BE     27BE       74      464       0
                text45                             25D2     25D2       B0      464       0
                text44                             2CCE     2CCE       4C      464       0
                text43                             1BFC     1BFC      13E      464       0
                text42                             2E2A     2E2A       34      464       0
                text41                             2B02     2B02       62      464       0
                text40                             2AA0     2AA0       62      464       0
                text39                             219C     219C       F4      464       0
                text38                             1442     1442      172      464       0
                text37                             2EC0     2EC0       30      464       0
                text36                             2F68     2F68       26      464       0
                text35                             2DA6     2DA6       46      464       0
                text34                             2A3E     2A3E       62      464       0
                text33                             2C22     2C22       5C      464       0
                text32                             2682     2682       AC      464       0
                text31                              8C8      8C8      35C      464       0
                text30                             12CE     12CE      174      464       0
                text29                             1E60     1E60      122      464       0
                text28                             1158     1158      176      464       0
                text27                             2380     2380       E6      464       0
                text26                             1D3A     1D3A      126      464       0
                text25                             251E     251E       B4      464       0
                text24                             183C     183C      142      464       0
                text23                             272E     272E       90      464       0
                text22                             2C7E     2C7E       50      464       0
                text21                             2466     2466       B8      464       0
                text20                             2E5E     2E5E       32      464       0
                text19                             2B64     2B64       60      464       0
                text18                             2EF0     2EF0       2C      464       0
                text17                             2DEC     2DEC       3E      464       0
                text16                             1ABE     1ABE      13E      464       0
                text15                              C24      C24      228      464       0
                intcode_body                       2910     2910       6A      464       0
                text13                             2832     2832       72      464       0
                text12                             28A4     28A4       6C      464       0
                text11                             29DC     29DC       62      464       0
                text10                             15B4     15B4      144      464       0
                text9                               E4C      E4C      194      464       0
                text8                              2E90     2E90       30      464       0
                text7                              2F42     2F42       26      464       0
                text6                              2D60     2D60       46      464       0
                text5                              297A     297A       62      464       0
                text4                              2BC4     2BC4       5E      464       0
                text3                              2D1A     2D1A       46      464       0
                text2                               FE0      FE0      178      464       0
                text1                              197E     197E      140      464       0
                text0                              2F8E     2F8E       1A      464       0
                cstackCOMRAM                          1        1       31        1       1
                cstackBANK0                          7E       7E        B       60       1
                bssBANK0                             60       60       1E       60       1
                bssCOMRAM                            32       32       1F        1       1
                cinit                              2F1C     2F1C       26      464       0

TOTAL           Name                               Link     Load   Length     Space
        CLASS   CODE           
                intcode                               8        8        6         0
                init                                  E        E        4         0
                reset_vec                             0        0        4         0
                text50                             1F82     1F82      110         0
                text49                             2092     2092      10A         0
                text48                             2290     2290       F0         0
                text47                             16F8     16F8      144         0
                text46                             27BE     27BE       74         0
                text45                             25D2     25D2       B0         0
                text44                             2CCE     2CCE       4C         0
                text43                             1BFC     1BFC      13E         0
                text42                             2E2A     2E2A       34         0
                text41                             2B02     2B02       62         0
                text40                             2AA0     2AA0       62         0
                text39                             219C     219C       F4         0
                text38                             1442     1442      172         0
                text37                             2EC0     2EC0       30         0
                text36                             2F68     2F68       26         0
                text35                             2DA6     2DA6       46         0
                text34                             2A3E     2A3E       62         0
                text33                             2C22     2C22       5C         0
                text32                             2682     2682       AC         0
                text31                              8C8      8C8      35C         0
                text30                             12CE     12CE      174         0
                text29                             1E60     1E60      122         0
                text28                             1158     1158      176         0
                text27                             2380     2380       E6         0
                text26                             1D3A     1D3A      126         0
                text25                             251E     251E       B4         0
                text24                             183C     183C      142         0
                text23                             272E     272E       90         0
                text22                             2C7E     2C7E       50         0
                text21                             2466     2466       B8         0
                text20                             2E5E     2E5E       32         0
                text19                             2B64     2B64       60         0
                text18                             2EF0     2EF0       2C         0
                text17                             2DEC     2DEC       3E         0
                text16                             1ABE     1ABE      13E         0
                text15                              C24      C24      228         0
                intcode_body                       2910     2910       6A         0
                text13                             2832     2832       72         0
                text12                             28A4     28A4       6C         0
                text11                             29DC     29DC       62         0
                text10                             15B4     15B4      144         0
                text9                               E4C      E4C      194         0
                text8                              2E90     2E90       30         0
                text7                              2F42     2F42       26         0
                text6                              2D60     2D60       46         0
                text5                              297A     297A       62         0
                text4                              2BC4     2BC4       5E         0
                text3                              2D1A     2D1A       46         0
                text2                               FE0      FE0      178         0
                text1                              197E     197E      140         0
                text0                              2F8E     2F8E       1A         0
                cinit                              2F1C     2F1C       26         0

        CLASS   CONST          

        CLASS   SMALLCONST     
                smallconst                          800      800       C8         0

        CLASS   MEDIUMCONST    

        CLASS   COMRAM         
                temp                                 51       51        1         1
                cstackCOMRAM                          1        1       31         1
                bssCOMRAM                            32       32       1F         1

        CLASS   ABS1           
                abs_s1                              400      400       30         1
                abs_s1                              500      500       80         1

        CLASS   BIGRAM         

        CLASS   RAM            

        CLASS   BANK0          
                cstackBANK0                          7E       7E        B         1
                bssBANK0                             60       60       1E         1

        CLASS   BANK1          

        CLASS   BANK2          

        CLASS   BANK3          

        CLASS   BANK4          

        CLASS   BANK5          

        CLASS   BANK6          

        CLASS   BANK7          

        CLASS   SFR            

        CLASS   BIGSFR         

        CLASS   CONFIG         
                config                           300000   300000        E         4

        CLASS   IDLOC          
                idloc                            200000   200000        8         5

        CLASS   EEDATA         

        CLASS   FARRAM         

        CLASS   HEAP           

        CLASS   STACK          



SEGMENTS        Name                           Load    Length   Top    Selector   Space  Class

                reset_vec                      000000  000004  000004         0       0  CODE    
                cstackCOMRAM                   000001  000051  000052         1       1  COMRAM  
                intcode                        000008  00000A  000012         4       0  CODE    
                bssBANK0                       000060  000029  000089        60       1  BANK0   
                smallconst                     000800  0000C8  0008C8       400       0  SMALLCON
                text31                         0008C8  0026E0  002FA8       464       0  CODE    


UNUSED ADDRESS RANGES

        Name                Unused          Largest block    Delta
        BANK0            000089-0000FF               77
        BANK1            000100-0001FF              100
        BANK2            000200-0002FF              100
        BANK3            000300-0003FF              100
        BANK4            000430-0004FF               D0
        BANK5            000580-0005FF               80
        BANK6            000600-0006FF              100
        BANK7            000700-0007FF              100
        BIGRAM           000052-00005F                E
                         000089-0003FF              377
                         000430-0004FF               D0
                         000580-0007FF              280
        BIGSFR           000F60-000FFF               A0
        CODE             000004-000007                4
                         000012-0007FF              7EE
                         002FA8-007FFF             5058
        COMRAM           000052-00005F                E
        CONST            000004-000007                4
                         000012-0007FF              7EE
                         002FA8-007FFF             5058
        EEDATA           F00000-F000FF              100
        MEDIUMCONST      002FA8-007FFF             5058
        RAM              000089-0003FF              100
                         000430-0004FF               D0
                         000580-0007FF              100
        SFR              000F60-000FFF               A0
        SMALLCONST       002FA8-007FFF              100

                                  Symbol Table

?_ADC_Read10bit                          cstackCOMRAM 00002E
?_USBTransferOnePacket                   cstackCOMRAM 00002E
?i2_USBTransferOnePacket                 cstackCOMRAM 000001
ADC_Enable@channel                       cstackCOMRAM 000030
ADC_Read10bit@channel                    cstackBANK0  000080
ADC_Read10bit@result                     cstackBANK0  00007E
ADC_SetConfiguration@configuration       cstackCOMRAM 00002E
APP_DeviceCustomHIDTasks@pot             cstackBANK0  000087
APP_LEDUpdateUSBStatus@ledCount          bssCOMRAM    000036
BUTTON_Enable@button                     cstackCOMRAM 000030
BUTTON_IsPressed@button                  cstackCOMRAM 000030
LED_Enable@led                           cstackCOMRAM 000030
LED_Off@led                              cstackCOMRAM 000003
LED_On@led                               cstackCOMRAM 000003
LED_Toggle@led                           cstackCOMRAM 000030
SYSTEM_Initialize@state                  cstackCOMRAM 000031
USBConfigureEndpoint@EPNum               cstackCOMRAM 000008
USBConfigureEndpoint@direction           cstackCOMRAM 000001
USBConfigureEndpoint@handle              cstackCOMRAM 000009
USBCtrlTrfInHandler@lastDTS              cstackCOMRAM 000002
USBCtrlTrfRxService@byteToRead           cstackCOMRAM 000002
USBCtrlTrfRxService@i                    cstackCOMRAM 000001
USBCtrlTrfTxService@byteToSend           cstackCOMRAM 000001
USBDeviceInit@i                          cstackCOMRAM 000030
USBDeviceTasks@i                         cstackCOMRAM 000021
USBEnableEndpoint@ep                     cstackCOMRAM 00000E
USBEnableEndpoint@options                cstackCOMRAM 00000B
USBEnableEndpoint@p                      cstackCOMRAM 00000C
USBStdFeatureReqHandler@current_ep_data  cstackCOMRAM 00001B
USBStdFeatureReqHandler@p                cstackCOMRAM 00001C
USBStdFeatureReqHandler@pUEP             cstackCOMRAM 000019
USBStdGetStatusHandler@p                 cstackCOMRAM 000003
USBStdSetCfgHandler@i                    cstackCOMRAM 000017
USBTransferOnePacket@data                cstackCOMRAM 00002F
USBTransferOnePacket@dir                 cstackCOMRAM 00002E
USBTransferOnePacket@ep                  cstackBANK0  000082
USBTransferOnePacket@handle              cstackBANK0  000083
USBTransferOnePacket@len                 cstackCOMRAM 000031
USER_USB_CALLBACK_EVENT_HANDLER@event    cstackCOMRAM 00000F
USER_USB_CALLBACK_EVENT_HANDLER@pdata    cstackCOMRAM 000011
USER_USB_CALLBACK_EVENT_HANDLER@size     cstackCOMRAM 000013
_ADCON0                                  (abs)        000FC2
_ADCON0bits                              (abs)        000FC2
_ADCON1bits                              (abs)        000FC1
_ADCON2                                  (abs)        000FC0
_ADCON2bits                              (abs)        000FC0
_ADC_Enable                              text8        002E90
_ADC_Read10bit                           text13       002832
_ADC_SetConfiguration                    text7        002F42
_ADRESH                                  (abs)        000FC4
_ADRESL                                  (abs)        000FC3
_APP_DeviceCustomHIDInitialize           text42       002E2A
_APP_DeviceCustomHIDTasks                text9        000E4C
_APP_LEDUpdateUSBStatus                  text39       00219C
_BDT                                     (abs)        000400
_BUTTON_Enable                           text6        002D60
_BUTTON_IsPressed                        text12       0028A4
_BothEP0OutUOWNsSet                      bssCOMRAM    000045
_CtrlTrfData                             (abs)        000428
_INTCONbits                              (abs)        000FF2
_IPR2bits                                (abs)        000FA2
_LATDbits                                (abs)        000F8C
_LED_Enable                              text5        00297A
_LED_Off                                 text41       002B02
_LED_On                                  text40       002AA0
_LED_Toggle                              text11       0029DC
_PIE2bits                                (abs)        000FA0
_PIR2bits                                (abs)        000FA1
_PORTBbits                               (abs)        000F81
_RCONbits                                (abs)        000FD0
_ReceivedDataBuffer                      (abs)        000500
_RemoteWakeup                            bssCOMRAM    000048
_SYSTEM_Initialize                       text4        002BC4
_SYS_InterruptHigh                       intcode      000008
_SetupPkt                                (abs)        000420
_TRISAbits                               (abs)        000F92
_TRISBbits                               (abs)        000F93
_TRISDbits                               (abs)        000F95
_ToSendDataBuffer                        (abs)        000540
_UADDR                                   (abs)        000F6E
_UCFG                                    (abs)        000F6F
_UCON                                    (abs)        000F6D
_UCONbits                                (abs)        000F6D
_UEIE                                    (abs)        000F6B
_UEIR                                    (abs)        000F6A
_UEP0                                    (abs)        000F70
_UEP0bits                                (abs)        000F70
_UEP1                                    (abs)        000F71
_UIE                                     (abs)        000F69
_UIEbits                                 (abs)        000F69
_UIR                                     (abs)        000F68
_UIRbits                                 (abs)        000F68
_USB1msTickCount                         bssCOMRAM    000032
_USBActiveConfiguration                  bssCOMRAM    000050
_USBAlternateInterface                   bssCOMRAM    00004F
_USBBusIsSuspended                       bssCOMRAM    000047
_USBCheckHIDRequest                      text38       001442
_USBCheckStdRequest                      text26       001D3A
_USBConfigureEndpoint                    text45       0025D2
_USBCtrlEPAllowDataStage                 text25       00251E
_USBCtrlEPAllowStatusStage               text48       002290
_USBCtrlEPService                        text21       002466
_USBCtrlEPServiceComplete                text24       00183C
_USBCtrlTrfInHandler                     text49       002092
_USBCtrlTrfOutHandler                    text46       0027BE
_USBCtrlTrfRxService                     text47       0016F8
_USBCtrlTrfSetupHandler                  text23       00272E
_USBCtrlTrfTxService                     text50       001F82
_USBDeferINDataStagePackets              bssCOMRAM    000040
_USBDeferOUTDataStagePackets             bssCOMRAM    00003F
_USBDeferStatusStagePacket               bssCOMRAM    000043
_USBDeviceAttach                         text3        002D1A
_USBDeviceInit                           text1        00197E
_USBDeviceState                          bssCOMRAM    00004B
_USBDeviceTasks                          text15       000C24
_USBEnableEndpoint                       text44       002CCE
_USBInHandle                             bssBANK0     000076
_USBIncrement1msInternalTimers           text20       002E5E
_USBOutHandle                            bssBANK0     000078
_USBStallHandler                         text19       002B64
_USBStatusStageEnabledFlag1              bssCOMRAM    000042
_USBStatusStageEnabledFlag2              bssCOMRAM    000041
_USBStatusStageTimeoutCounter            bssCOMRAM    000044
_USBStdFeatureReqHandler                 text31       0008C8
_USBStdGetDscHandler                     text30       0012CE
_USBStdGetStatusHandler                  text29       001E60
_USBStdSetCfgHandler                     text27       002380
_USBSuspend                              text18       002EF0
_USBTicksSinceSuspendEnd                 bssCOMRAM    00003E
_USBTransferOnePacket                    text10       0015B4
_USBWakeFromSuspend                      text17       002DEC
_USB_CD_Ptr                              smallconst   000807
_USB_SD_Ptr                              smallconst   000801
_USER_USB_CALLBACK_EVENT_HANDLER         text32       002682
_USTAT                                   (abs)        000F6C
_USTATcopy                               bssCOMRAM    00004E
__HRAM                                   (abs)        000000
__H__absolute__                          __absolute__ 000000
__Habs1                                  abs1         000000
__Hbank0                                 bank0        000000
__Hbank1                                 bank1        000000
__Hbank2                                 bank2        000000
__Hbank3                                 bank3        000000
__Hbank4                                 bank4        000000
__Hbank5                                 bank5        000000
__Hbank6                                 bank6        000000
__Hbank7                                 bank7        000000
__Hbigbss                                bigbss       000000
__Hbigdata                               bigdata      000000
__Hbigram                                bigram       000000
__Hbigsfr                                bigsfr       000000
__Hbss                                   bss          000000
__HbssBANK0                              bssBANK0     000000
__HbssCOMRAM                             bssCOMRAM    000000
__Hcinit                                 cinit        000000
__Hclrtext                               clrtext      000000
__Hcomram                                comram       000000
__Hconfig                                config       30000E
__Hconst                                 const        000000
__HcstackBANK0                           cstackBANK0  000000
__HcstackCOMRAM                          cstackCOMRAM 000000
__Hdata                                  data         000000
__Heeprom_data                           eeprom_data  000000
__Hfarbss                                farbss       000000
__Hfardata                               fardata      000000
__Hheap                                  heap         000000
__Hibigdata                              ibigdata     000000
__Hidata                                 idata        000000
__Hidloc                                 idloc        200008
__Hifardata                              ifardata     000000
__Hinit                                  init         000012
__Hintcode                               intcode      00000E
__Hintcode_body                          intcode_body 000000
__Hintcodelo                             intcodelo    00000E
__Hintentry                              intentry     000000
__Hintret                                intret       000000
__Hintsave_regs                          intsave_regs 000000
__Hirdata                                irdata       000000
__Hmediumconst                           mediumconst  000000
__HnvFARRAM                              nvFARRAM     000000
__Hnvbit                                 nvbit        000000
__Hnvrram                                nvrram       000000
__Hparam                                 rparam       000000
__Hpowerup                               powerup      00000E
__Hram                                   ram          000000
__Hramtop                                ramtop       000800
__Hrbit                                  rbit         000000
__Hrbss                                  rbss         000000
__Hrdata                                 rdata        000000
__Hreset_vec                             reset_vec    000004
__Hrparam                                rparam       000000
__Hsfr                                   sfr          000000
__Hsmallconst                            smallconst   0008C8
__Hspace_0                               (abs)        002FA8
__Hspace_1                               (abs)        000089
__Hspace_2                               (abs)        000000
__Hspace_4                               (abs)        60000E
__Hstack                                 stack        000000
__Hstruct                                struct       000000
__Htemp                                  temp         000052
__Htext                                  text         000000
__Htext0                                 text0        000000
__Htext1                                 text1        000000
__Htext10                                text10       000000
__Htext11                                text11       000000
__Htext12                                text12       000000
__Htext13                                text13       000000
__Htext15                                text15       000000
__Htext16                                text16       000000
__Htext17                                text17       000000
__Htext18                                text18       000000
__Htext19                                text19       000000
__Htext2                                 text2        000000
__Htext20                                text20       000000
__Htext21                                text21       000000
__Htext22                                text22       000000
__Htext23                                text23       000000
__Htext24                                text24       000000
__Htext25                                text25       000000
__Htext26                                text26       000000
__Htext27                                text27       000000
__Htext28                                text28       000000
__Htext29                                text29       000000
__Htext3                                 text3        000000
__Htext30                                text30       000000
__Htext31                                text31       000000
__Htext32                                text32       000000
__Htext33                                text33       000000
__Htext34                                text34       000000
__Htext35                                text35       000000
__Htext36                                text36       000000
__Htext37                                text37       000000
__Htext38                                text38       000000
__Htext39                                text39       000000
__Htext4                                 text4        000000
__Htext40                                text40       000000
__Htext41                                text41       000000
__Htext42                                text42       000000
__Htext43                                text43       000000
__Htext44                                text44       000000
__Htext45                                text45       000000
__Htext46                                text46       000000
__Htext47                                text47       000000
__Htext48                                text48       000000
__Htext49                                text49       000000
__Htext5                                 text5        000000
__Htext50                                text50       000000
__Htext6                                 text6        000000
__Htext7                                 text7        000000
__Htext8                                 text8        000000
__Htext9                                 text9        000000
__LRAM                                   (abs)        000001
__L__absolute__                          __absolute__ 000000
__Labs1                                  abs1         000000
__Lbank0                                 bank0        000000
__Lbank1                                 bank1        000000
__Lbank2                                 bank2        000000
__Lbank3                                 bank3        000000
__Lbank4                                 bank4        000000
__Lbank5                                 bank5        000000
__Lbank6                                 bank6        000000
__Lbank7                                 bank7        000000
__Lbigbss                                bigbss       000000
__Lbigdata                               bigdata      000000
__Lbigram                                bigram       000000
__Lbigsfr                                bigsfr       000000
__Lbss                                   bss          000000
__LbssBANK0                              bssBANK0     000000
__LbssCOMRAM                             bssCOMRAM    000000
__Lcinit                                 cinit        000000
__Lclrtext                               clrtext      000000
__Lcomram                                comram       000000
__Lconfig                                config       000000
__Lconst                                 const        000000
__LcstackBANK0                           cstackBANK0  000000
__LcstackCOMRAM                          cstackCOMRAM 000000
__Ldata                                  data         000000
__Leeprom_data                           eeprom_data  000000
__Lfarbss                                farbss       000000
__Lfardata                               fardata      000000
__Lheap                                  heap         000000
__Libigdata                              ibigdata     000000
__Lidata                                 idata        000000
__Lidloc                                 idloc        000000
__Lifardata                              ifardata     000000
__Linit                                  init         00000E
__Lintcode                               intcode      000008
__Lintcode_body                          intcode_body 000000
__Lintcodelo                             intcodelo    00000E
__Lintentry                              intentry     000000
__Lintret                                intret       000000
__Lintsave_regs                          intsave_regs 000000
__Lirdata                                irdata       000000
__Lmediumconst                           mediumconst  000000
__LnvFARRAM                              nvFARRAM     000000
__Lnvbit                                 nvbit        000000
__Lnvrram                                nvrram       000000
__Lparam                                 rparam       000000
__Lpowerup                               powerup      00000E
__Lram                                   ram          000000
__Lramtop                                ramtop       000800
__Lrbit                                  rbit         000000
__Lrbss                                  rbss         000000
__Lrdata                                 rdata        000000
__Lreset_vec                             reset_vec    000000
__Lrparam                                rparam       000000
__Lsfr                                   sfr          000000
__Lsmallconst                            smallconst   000800
__Lspace_0                               (abs)        000000
__Lspace_1                               (abs)        000000
__Lspace_2                               (abs)        000000
__Lspace_4                               (abs)        000000
__Lstack                                 stack        000000
__Lstruct                                struct       000000
__Ltemp                                  temp         000051
__Ltext                                  text         000000
__Ltext0                                 text0        000000
__Ltext1                                 text1        000000
__Ltext10                                text10       000000
__Ltext11                                text11       000000
__Ltext12                                text12       000000
__Ltext13                                text13       000000
__Ltext15                                text15       000000
__Ltext16                                text16       000000
__Ltext17                                text17       000000
__Ltext18                                text18       000000
__Ltext19                                text19       000000
__Ltext2                                 text2        000000
__Ltext20                                text20       000000
__Ltext21                                text21       000000
__Ltext22                                text22       000000
__Ltext23                                text23       000000
__Ltext24                                text24       000000
__Ltext25                                text25       000000
__Ltext26                                text26       000000
__Ltext27                                text27       000000
__Ltext28                                text28       000000
__Ltext29                                text29       000000
__Ltext3                                 text3        000000
__Ltext30                                text30       000000
__Ltext31                                text31       000000
__Ltext32                                text32       000000
__Ltext33                                text33       000000
__Ltext34                                text34       000000
__Ltext35                                text35       000000
__Ltext36                                text36       000000
__Ltext37                                text37       000000
__Ltext38                                text38       000000
__Ltext39                                text39       000000
__Ltext4                                 text4        000000
__Ltext40                                text40       000000
__Ltext41                                text41       000000
__Ltext42                                text42       000000
__Ltext43                                text43       000000
__Ltext44                                text44       000000
__Ltext45                                text45       000000
__Ltext46                                text46       000000
__Ltext47                                text47       000000
__Ltext48                                text48       000000
__Ltext49                                text49       000000
__Ltext5                                 text5        000000
__Ltext50                                text50       000000
__Ltext6                                 text6        000000
__Ltext7                                 text7        000000
__Ltext8                                 text8        000000
__Ltext9                                 text9        000000
__S0                                     (abs)        002FA8
__S1                                     (abs)        000089
__S4                                     (abs)        000000
__S5                                     (abs)        000000
___heap_hi                               (abs)        000000
___heap_lo                               (abs)        000000
___inthi_sp                              stack        000000
___intlo_sp                              stack        000000
___param_bank                            (abs)        000000
___rparam_used                           (abs)        000001
___sp                                    stack        000000
__accesstop                              (abs)        000060
__activetblptr                           (abs)        000002
__end_of_ADC_Enable                      text8        002EC0
__end_of_ADC_Read10bit                   text13       0028A4
__end_of_ADC_SetConfiguration            text7        002F68
__end_of_APP_DeviceCustomHIDInitialize   text42       002E5E
__end_of_APP_DeviceCustomHIDTasks        text9        000FE0
__end_of_APP_LEDUpdateUSBStatus          text39       002290
__end_of_BUTTON_Enable                   text6        002DA6
__end_of_BUTTON_IsPressed                text12       002910
__end_of_LED_Enable                      text5        0029DC
__end_of_LED_Off                         text41       002B64
__end_of_LED_On                          text40       002B02
__end_of_LED_Toggle                      text11       002A3E
__end_of_SYSTEM_Initialize               text4        002C22
__end_of_SYS_InterruptHigh               intcode_body 00297A
__end_of_USBCheckHIDRequest              text38       0015B4
__end_of_USBCheckStdRequest              text26       001E60
__end_of_USBConfigureEndpoint            text45       002682
__end_of_USBCtrlEPAllowDataStage         text25       0025D2
__end_of_USBCtrlEPAllowStatusStage       text48       002380
__end_of_USBCtrlEPService                text21       00251E
__end_of_USBCtrlEPServiceComplete        text24       00197E
__end_of_USBCtrlTrfInHandler             text49       00219C
__end_of_USBCtrlTrfOutHandler            text46       002832
__end_of_USBCtrlTrfRxService             text47       00183C
__end_of_USBCtrlTrfSetupHandler          text23       0027BE
__end_of_USBCtrlTrfTxService             text50       002092
__end_of_USBDeviceAttach                 text3        002D60
__end_of_USBDeviceInit                   text1        001ABE
__end_of_USBDeviceTasks                  text15       000E4C
__end_of_USBEnableEndpoint               text44       002D1A
__end_of_USBIncrement1msInternalTimers   text20       002E90
__end_of_USBStallHandler                 text19       002BC4
__end_of_USBStdFeatureReqHandler         text31       000C24
__end_of_USBStdGetDscHandler             text30       001442
__end_of_USBStdGetStatusHandler          text29       001F82
__end_of_USBStdSetCfgHandler             text27       002466
__end_of_USBSuspend                      text18       002F1C
__end_of_USBTransferOnePacket            text10       0016F8
__end_of_USBWakeFromSuspend              text17       002E2A
__end_of_USB_CD_Ptr                      smallconst   000809
__end_of_USB_SD_Ptr                      smallconst   000807
__end_of_USER_USB_CALLBACK_EVENT_HANDLER text32       00272E
__end_of__initialization                 cinit        002F34
__end_of_configDescriptor1               smallconst   000894
__end_of_device_dsc                      smallconst   0008C3
__end_of_hid_rpt01                       smallconst   0008B1
__end_of_main                            text0        002FA8
__end_of_memcpy                          text22       002CCE
__end_of_memset                          text2        001158
__end_of_sd000                           smallconst   0008C7
__end_of_sd001                           smallconst   00083D
__end_of_sd002                           smallconst   00086B
__end_ofi2_ADC_Enable                    text37       002EF0
__end_ofi2_ADC_SetConfiguration          text36       002F8E
__end_ofi2_BUTTON_Enable                 text35       002DEC
__end_ofi2_LED_Enable                    text34       002AA0
__end_ofi2_SYSTEM_Initialize             text33       002C7E
__end_ofi2_USBDeviceInit                 text16       001BFC
__end_ofi2_USBTransferOnePacket          text43       001D3A
__end_ofi2_memset                        text28       0012CE
__initialization                         cinit        002F1C
__mediumconst                            mediumconst  000000
__pbssBANK0                              bssBANK0     000060
__pbssCOMRAM                             bssCOMRAM    000032
__pcinit                                 cinit        002F1C
__pcstackBANK0                           cstackBANK0  00007E
__pcstackCOMRAM                          cstackCOMRAM 000001
__pintcode                               intcode      000008
__pintcode_body                          intcode_body 002910
__psmallconst                            smallconst   000800
__ptext0                                 text0        002F8E
__ptext1                                 text1        00197E
__ptext10                                text10       0015B4
__ptext11                                text11       0029DC
__ptext12                                text12       0028A4
__ptext13                                text13       002832
__ptext15                                text15       000C24
__ptext16                                text16       001ABE
__ptext17                                text17       002DEC
__ptext18                                text18       002EF0
__ptext19                                text19       002B64
__ptext2                                 text2        000FE0
__ptext20                                text20       002E5E
__ptext21                                text21       002466
__ptext22                                text22       002C7E
__ptext23                                text23       00272E
__ptext24                                text24       00183C
__ptext25                                text25       00251E
__ptext26                                text26       001D3A
__ptext27                                text27       002380
__ptext28                                text28       001158
__ptext29                                text29       001E60
__ptext3                                 text3        002D1A
__ptext30                                text30       0012CE
__ptext31                                text31       0008C8
__ptext32                                text32       002682
__ptext33                                text33       002C22
__ptext34                                text34       002A3E
__ptext35                                text35       002DA6
__ptext36                                text36       002F68
__ptext37                                text37       002EC0
__ptext38                                text38       001442
__ptext39                                text39       00219C
__ptext4                                 text4        002BC4
__ptext40                                text40       002AA0
__ptext41                                text41       002B02
__ptext42                                text42       002E2A
__ptext43                                text43       001BFC
__ptext44                                text44       002CCE
__ptext45                                text45       0025D2
__ptext46                                text46       0027BE
__ptext47                                text47       0016F8
__ptext48                                text48       002290
__ptext49                                text49       002092
__ptext5                                 text5        00297A
__ptext50                                text50       001F82
__ptext6                                 text6        002D60
__ptext7                                 text7        002F42
__ptext8                                 text8        002E90
__ptext9                                 text9        000E4C
__ramtop                                 ramtop       000800
__smallconst                             smallconst   000800
_active_protocol                         bssCOMRAM    00004C
_configDescriptor1                       smallconst   00086B
_controlTransferState                    bssCOMRAM    000049
_device_dsc                              smallconst   0008B1
_endpoint_number                         bssCOMRAM    000046
_ep_data_in                              bssBANK0     00007C
_ep_data_out                             bssBANK0     00007A
_hid_rpt01                               smallconst   000894
_idle_rate                               bssCOMRAM    00004D
_inPipes                                 bssBANK0     000068
_main                                    text0        002F8E
_memcpy                                  text22       002C7E
_memset                                  text2        000FE0
_outPipes                                bssBANK0     000060
_pBDTEntryEP0OutCurrent                  bssCOMRAM    00003C
_pBDTEntryEP0OutNext                     bssCOMRAM    00003A
_pBDTEntryIn                             bssBANK0     00006E
_pBDTEntryOut                            bssBANK0     000072
_pDst                                    bssCOMRAM    000038
_sd000                                   smallconst   0008C3
_sd001                                   smallconst   000809
_sd002                                   smallconst   00083D
_shortPacketStatus                       bssCOMRAM    00004A
btemp                                    temp         000051
end_of_initialization                    cinit        002F34
i2ADC_Enable@channel                     cstackCOMRAM 000003
i2ADC_SetConfiguration@configuration     cstackCOMRAM 000001
i2BUTTON_Enable@button                   cstackCOMRAM 000003
i2LED_Enable@led                         cstackCOMRAM 000003
i2SYSTEM_Initialize@state                cstackCOMRAM 000006
i2USBDeviceInit@i                        cstackCOMRAM 00000D
i2USBTransferOnePacket@data              cstackCOMRAM 000002
i2USBTransferOnePacket@dir               cstackCOMRAM 000001
i2USBTransferOnePacket@ep                cstackCOMRAM 000009
i2USBTransferOnePacket@handle            cstackCOMRAM 00000A
i2USBTransferOnePacket@len               cstackCOMRAM 000004
i2_ADC_Enable                            text37       002EC0
i2_ADC_SetConfiguration                  text36       002F68
i2_BUTTON_Enable                         text35       002DA6
i2_LED_Enable                            text34       002A3E
i2_SYSTEM_Initialize                     text33       002C22
i2_USBDeviceInit                         text16       001ABE
i2_USBTransferOnePacket                  text43       001BFC
i2_memset                                text28       001158
i2memset@c                               cstackCOMRAM 000003
i2memset@dest                            cstackCOMRAM 000001
i2memset@k                               cstackCOMRAM 000009
i2memset@n                               cstackCOMRAM 000005
i2memset@s                               cstackCOMRAM 00000B
int$flags                                temp         000051
int_func                                 intcode_body 002910
intlevel0                                text         000000
intlevel1                                text         000000
intlevel2                                text         000000
intlevel3                                text         000000
isa$std                                  (abs)        000001
isa$xinst                                (abs)        000000
memcpy@d                                 cstackCOMRAM 000007
memcpy@d1                                cstackCOMRAM 000001
memcpy@n                                 cstackCOMRAM 000005
memcpy@s                                 cstackCOMRAM 000009
memcpy@s1                                cstackCOMRAM 000003
memcpy@tmp                               cstackCOMRAM 00000B
memset@c                                 cstackBANK0  000080
memset@dest                              cstackBANK0  00007E
memset@k                                 cstackBANK0  000084
memset@n                                 cstackBANK0  000082
memset@s                                 cstackBANK0  000086
stackhi                                  (abs)        000000
stacklo                                  (abs)        000000
start                                    init         00000E
start_initialization                     cinit        002F1C
ttemp5                                   temp         000052
ttemp6                                   temp         000055
ttemp7                                   temp         000059
wtemp8                                   temp         000052


MODULE INFORMATION

Module		Function		Class		Link	Load	Size
../demo_src/usb_events.c
		_USER_USB_CALLBACK_EVENT_HANDLER		CODE           	2682	0000	172

../demo_src/usb_events.c estimated size: 172

C:\Program Files\Microchip\xc8\v2.41\pic\sources\c99\common\memset.c
		_memset        		CODE           	0FE0	0000	376

C:\Program Files\Microchip\xc8\v2.41\pic\sources\c99\common\memset.c estimated size: 376

../../../../../../bsp/picdem_fs_usb/adc.c
		_ADC_Enable    		CODE           	2E90	0000	48
		_ADC_SetConfiguration		CODE           	2F42	0000	38
		_ADC_Read10bit 		CODE           	2832	0000	114

../../../../../../bsp/picdem_fs_usb/adc.c estimated size: 200

../../../../../../framework/usb/src/usb_device.c
		_USBCtrlTrfInHandler		CODE           	2092	0000	266
		_USBTransferOnePacket		CODE           	15B4	0000	324
		_USBDeviceAttach		CODE           	2D1A	0000	70
		_USBStdGetDscHandler		CODE           	12CE	0000	372
		_USBCtrlEPAllowDataStage		CODE           	251E	0000	180
		_USBStdFeatureReqHandler		CODE           	08C8	0000	860
		_USBCtrlEPAllowStatusStage		CODE           	2290	0000	240
		_USBCtrlTrfSetupHandler		CODE           	272E	0000	144
		_USBCtrlTrfOutHandler		CODE           	27BE	0000	116
		_USBCtrlEPServiceComplete		CODE           	183C	0000	322
		_USBSuspend    		CODE           	2EF0	0000	44
		_USBStdSetCfgHandler		CODE           	2380	0000	230
		_USBStdGetStatusHandler		CODE           	1E60	0000	290
		_USBWakeFromSuspend		CODE           	2DEC	0000	62
		_USBCtrlTrfRxService		CODE           	16F8	0000	324
		_USBCtrlTrfTxService		CODE           	1F82	0000	272
		_USBEnableEndpoint		CODE           	2CCE	0000	76
		_USBConfigureEndpoint		CODE           	25D2	0000	176
		_USBDeviceInit 		CODE           	197E	0000	320
		_USBIncrement1msInternalTimers		CODE           	2E5E	0000	50
		_USBCtrlEPService		CODE           	2466	0000	184
		_USBStallHandler		CODE           	2B64	0000	96
		_USBDeviceTasks		CODE           	0C24	0000	552
		_USBCheckStdRequest		CODE           	1D3A	0000	294

../../../../../../framework/usb/src/usb_device.c estimated size: 5864

../../../../../../framework/usb/src/usb_device_hid.c
		_USBCheckHIDRequest		CODE           	1442	0000	370

../../../../../../framework/usb/src/usb_device_hid.c estimated size: 370

../demo_src/app_device_custom_hid.c
		_APP_DeviceCustomHIDTasks		CODE           	0E4C	0000	404
		_APP_DeviceCustomHIDInitialize		CODE           	2E2A	0000	52

../demo_src/app_device_custom_hid.c estimated size: 456

shared
		_configDescriptor1		SMALLCONST     	086B	0000	41
		_USB_CD_Ptr    		SMALLCONST     	0807	0000	2
		_sd001         		SMALLCONST     	0809	0000	52
		i2_ADC_Enable  		CODE           	2EC0	0000	48
		i2_BUTTON_Enable		CODE           	2DA6	0000	70
		i2_ADC_SetConfiguration		CODE           	2F68	0000	38
		_sd002         		SMALLCONST     	083D	0000	46
		i2_USBDeviceInit		CODE           	1ABE	0000	318
		__initialization		CODE           	2F1C	0000	24
		_device_dsc    		SMALLCONST     	08B1	0000	18
		i2_SYSTEM_Initialize		CODE           	2C22	0000	92
		_USB_SD_Ptr    		SMALLCONST     	0801	0000	6
		i2_LED_Enable  		CODE           	2A3E	0000	98
		_hid_rpt01     		SMALLCONST     	0894	0000	29
		i2_memset      		CODE           	1158	0000	374
		_sd000         		SMALLCONST     	08C3	0000	4
		i2_USBTransferOnePacket		CODE           	1BFC	0000	318

shared estimated size: 1578

C:\Program Files\Microchip\xc8\v2.41\pic\sources\c99\common\memcpy.c
		_memcpy        		CODE           	2C7E	0000	80

C:\Program Files\Microchip\xc8\v2.41\pic\sources\c99\common\memcpy.c estimated size: 80

../../../../../../bsp/picdem_fs_usb/leds.c
		_LED_Off       		CODE           	2B02	0000	98
		_LED_On        		CODE           	2AA0	0000	98
		_LED_Enable    		CODE           	297A	0000	98
		_LED_Toggle    		CODE           	29DC	0000	98

../../../../../../bsp/picdem_fs_usb/leds.c estimated size: 392

system.c
		_SYS_InterruptHigh		CODE           	0008	0000	112
		_SYSTEM_Initialize		CODE           	2BC4	0000	94

system.c estimated size: 206

../demo_src/app_led_usb_status.c
		_APP_LEDUpdateUSBStatus		CODE           	219C	0000	244

../demo_src/app_led_usb_status.c estimated size: 244

../demo_src/main.c
		_main          		CODE           	2F8E	0000	26

../demo_src/main.c estimated size: 26

../../../../../../bsp/picdem_fs_usb/buttons.c
		_BUTTON_IsPressed		CODE           	28A4	0000	108
		_BUTTON_Enable 		CODE           	2D60	0000	70

../../../../../../bsp/picdem_fs_usb/buttons.c estimated size: 178

